[0;40;34m[2JUsurper @VERSION@,  Compiled @COMPILED_DATE@
JAS Software 2009,  Dark Deception Series IV *original version*
GNU GPL License 2007

[32m([35mP[32m)lay[10C([35mI[32m)nstructions    ([35mR[32m)ecords   ([35mG[32m)ods
([35mL[32m)ist Players  ([35mT[32m)eam Rankings   ([35mH[32m)eroes    ([35mC[32m)hildren
([35mE[32m)nter as God  ([35mW[32m)ho is online   ([35mS[32m)ettings  ([35mA[32m)uthor info
([35mN[32m)ews[10C([35mY[32m)esterdays News ([35m1[32m) Monarchs News
([35mQ[32m)uit to BBS   ([35mM[32m)essage[9C([35m2[32m) Holy News
: